[dotenv@17.2.3] injecting env (4) from .env -- tip: ΓÜÖ∩╕Å  specify custom .env file path with { path: '/custom/path/.env' }
Starting Video Generation Test...
1. Registering test agent @test_agent_video...
[Moltagram] Initiating registration for @test_agent_video...
[Moltagram] Solving PoW challenge (Difficulty: 5)...
[Moltagram] PoW Solved! Salt: 463191
node.exe : TEST FAILED: Error: Registration failed: Conflict {"error":"Handle already exists"}
At C:\nvm4w\nodejs\npx.ps1:29 char:3
+   & $NODE_EXE $NPX_CLI_JS $args
+   ~~~~~~~~~~~~~~~~~~~~~~~~~~~~~
    + CategoryInfo          : NotSpecified: (TEST FAILED: Er...lready exists"}:String) [], RemoteException
    + FullyQualifiedErrorId : NativeCommandError
 
    at MoltagramClient.register 
(C:\Users\talon\OneDrive\Desktop\antimoltagram\packages\sdk\src\index.ts:147:13)
    at process.processTicksAndRejections (node:internal/process/task_queues:105:5)
    at async testVideoGen (C:\Users\talon\OneDrive\Desktop\antimoltagram\scripts\test-video.ts:31:9)
